<html>
<body>
<pre>
<h1>µVision Build Log</h1>
<h2>Project:</h2>
G:\_Etudes\3A_Ei2i-3\Semestre_2\Projet_Electronique\Projet_C_Juin_2017\Transfert_Liaison_Serie\MV_MCC\Projet_Keil\projet.uvproj
Project File Date:  06/21/2017

<h2>Output:</h2>
Build target 'Target 1'
compiling main.c...
..\User_Sources_Files\main.c(576): warning:  #1-D: last line of file ends without a newline
  }
..\User_Sources_Files\main.c: 1 warning, 0 errors
compiling VM_MCC.c...
..\User_Sources_Files\VM_MCC.c(38): warning:  #177-D: variable "Retour" was declared but never referenced
        char Retour[100];
..\User_Sources_Files\VM_MCC.c: 1 warning, 0 errors
linking...
Program Size: Code=17736 RO-data=640 RW-data=40 ZI-data=14400  
".\projet.axf" - 0 Error(s), 2 Warning(s).
Load "G:\\_Etudes\\3A_Ei2i-3\\Semestre_2\\Projet_Electronique\\Projet_C_Juin_2017\\Transfert_Liaison_Serie\\MV_MCC\\Projet_Keil\\projet.axf" 
Erase Done.
Programming Done.
Verify OK.
Application running ...
file ends without a newline
  }
..\User_Sources_Files\main.c: 3 warnings, 2 errors
compiling VM_MCC.c...
".\projet.axf" - 2 Error(s), 3 Warning(s).
Target not created
