<html>
<body>
<pre>
<h1>µVision Build Log</h1>
<h2>Project:</h2>
C:\Users\Ecotron\Documents\Projet_C_Elect_bon\MCU_0\Projet_Keil\projet.uvproj
Project File Date:  06/30/2017

<h2>Output:</h2>
Rebuild target 'Target 1'
assembling startup_stm32f072.s...
compiling system_stm32f0xx_SYSCLK_48MHz_GeneAvecRC_Int_8MHz.c...
compiling main.c...
..\User_Sources_Files\vm_codops.h(20): warning:  #1-D: last line of file ends without a newline
  #endif
..\User_Sources_Files\main.c: 1 warning, 0 errors
compiling gpio.c...
..\User_Sources_Files\gpio.c(63): warning:  #1-D: last line of file ends without a newline
    
..\User_Sources_Files\gpio.c: 1 warning, 0 errors
compiling PA8_Mode_OutputPWM.c...
compiling UART.c...
linking...
Program Size: Code=5666 RO-data=238 RW-data=44 ZI-data=6684  
".\projet.axf" - 0 Error(s), 2 Warning(s).
