\BOOKMARK [0][-]{chapter.1}{\376\377\0001\000\040\000A\000s\000s\000e\000m\000b\000l\000e\000u\000r}{}% 1
\BOOKMARK [1][-]{section.1.1}{\376\377\0001\000.\0001\000\040\000I\000n\000t\000r\000o\000d\000u\000c\000t\000i\000o\000n}{chapter.1}% 2
\BOOKMARK [1][-]{section.1.2}{\376\377\0001\000.\0002\000\040\000I\000n\000s\000t\000a\000l\000l\000a\000t\000i\000o\000n}{chapter.1}% 3
\BOOKMARK [2][-]{subsection.1.2.1}{\376\377\0001\000.\0002\000.\0001\000\040\000S\000t\000e\000p\000\040\0001\000:\000\040\000O\000p\000e\000n\000i\000n\000g\000\040\000t\000h\000e\000\040\000b\000o\000x}{section.1.2}% 4
\BOOKMARK [0][-]{chapter.2}{\376\377\0002\000\040\000C\000l\000a\000s\000s\000\040\000I\000n\000d\000e\000x}{}% 5
\BOOKMARK [1][-]{section.2.1}{\376\377\0002\000.\0001\000\040\000C\000l\000a\000s\000s\000\040\000L\000i\000s\000t}{chapter.2}% 6
\BOOKMARK [0][-]{chapter.3}{\376\377\0003\000\040\000F\000i\000l\000e\000\040\000I\000n\000d\000e\000x}{}% 7
\BOOKMARK [1][-]{section.3.1}{\376\377\0003\000.\0001\000\040\000F\000i\000l\000e\000\040\000L\000i\000s\000t}{chapter.3}% 8
\BOOKMARK [0][-]{chapter.4}{\376\377\0004\000\040\000C\000l\000a\000s\000s\000\040\000D\000o\000c\000u\000m\000e\000n\000t\000a\000t\000i\000o\000n}{}% 9
\BOOKMARK [1][-]{section.4.1}{\376\377\0004\000.\0001\000\040\000i\000n\000s\000t\000r\000u\000c\000t\000i\000o\000n\000N\000a\000m\000e\000\040\000S\000t\000r\000u\000c\000t\000\040\000R\000e\000f\000e\000r\000e\000n\000c\000e}{chapter.4}% 10
\BOOKMARK [2][-]{subsection.4.1.1}{\376\377\0004\000.\0001\000.\0001\000\040\000M\000e\000m\000b\000e\000r\000\040\000D\000a\000t\000a\000\040\000D\000o\000c\000u\000m\000e\000n\000t\000a\000t\000i\000o\000n}{section.4.1}% 11
\BOOKMARK [3][-]{subsubsection.4.1.1.1}{\376\377\0004\000.\0001\000.\0001\000.\0001\000\040\000f\000o\000r\000m\000a\000t}{subsection.4.1.1}% 12
\BOOKMARK [3][-]{subsubsection.4.1.1.2}{\376\377\0004\000.\0001\000.\0001\000.\0002\000\040\000n\000a\000m\000e}{subsection.4.1.1}% 13
\BOOKMARK [3][-]{subsubsection.4.1.1.3}{\376\377\0004\000.\0001\000.\0001\000.\0003\000\040\000n\000b\000o\000p\000s}{subsection.4.1.1}% 14
\BOOKMARK [3][-]{subsubsection.4.1.1.4}{\376\377\0004\000.\0001\000.\0001\000.\0004\000\040\000o\000p\000c\000o\000d}{subsection.4.1.1}% 15
\BOOKMARK [3][-]{subsubsection.4.1.1.5}{\376\377\0004\000.\0001\000.\0001\000.\0005\000\040\000t\000y\000p\000e}{subsection.4.1.1}% 16
\BOOKMARK [1][-]{section.4.2}{\376\377\0004\000.\0002\000\040\000l\000a\000b\000e\000l\000\040\000S\000t\000r\000u\000c\000t\000\040\000R\000e\000f\000e\000r\000e\000n\000c\000e}{chapter.4}% 17
\BOOKMARK [2][-]{subsection.4.2.1}{\376\377\0004\000.\0002\000.\0001\000\040\000M\000e\000m\000b\000e\000r\000\040\000D\000a\000t\000a\000\040\000D\000o\000c\000u\000m\000e\000n\000t\000a\000t\000i\000o\000n}{section.4.2}% 18
\BOOKMARK [3][-]{subsubsection.4.2.1.1}{\376\377\0004\000.\0002\000.\0001\000.\0001\000\040\000a\000d\000d\000r}{subsection.4.2.1}% 19
\BOOKMARK [3][-]{subsubsection.4.2.1.2}{\376\377\0004\000.\0002\000.\0001\000.\0002\000\040\000l\000a\000b\000e\000l}{subsection.4.2.1}% 20
\BOOKMARK [1][-]{section.4.3}{\376\377\0004\000.\0003\000\040\000r\000e\000f\000\040\000S\000t\000r\000u\000c\000t\000\040\000R\000e\000f\000e\000r\000e\000n\000c\000e}{chapter.4}% 21
\BOOKMARK [2][-]{subsection.4.3.1}{\376\377\0004\000.\0003\000.\0001\000\040\000M\000e\000m\000b\000e\000r\000\040\000D\000a\000t\000a\000\040\000D\000o\000c\000u\000m\000e\000n\000t\000a\000t\000i\000o\000n}{section.4.3}% 22
\BOOKMARK [3][-]{subsubsection.4.3.1.1}{\376\377\0004\000.\0003\000.\0001\000.\0001\000\040\000a\000d\000d\000r\000I\000n\000C\000o\000d\000e}{subsection.4.3.1}% 23
\BOOKMARK [3][-]{subsubsection.4.3.1.2}{\376\377\0004\000.\0003\000.\0001\000.\0002\000\040\000l\000a\000b\000e\000l}{subsection.4.3.1}% 24
\BOOKMARK [0][-]{chapter.5}{\376\377\0005\000\040\000F\000i\000l\000e\000\040\000D\000o\000c\000u\000m\000e\000n\000t\000a\000t\000i\000o\000n}{}% 25
\BOOKMARK [1][-]{section.5.1}{\376\377\0005\000.\0001\000\040\000a\000s\000m\000.\000c\000\040\000F\000i\000l\000e\000\040\000R\000e\000f\000e\000r\000e\000n\000c\000e}{chapter.5}% 26
\BOOKMARK [2][-]{subsection.5.1.1}{\376\377\0005\000.\0001\000.\0001\000\040\000F\000u\000n\000c\000t\000i\000o\000n\000\040\000D\000o\000c\000u\000m\000e\000n\000t\000a\000t\000i\000o\000n}{section.5.1}% 27
\BOOKMARK [3][-]{subsubsection.5.1.1.1}{\376\377\0005\000.\0001\000.\0001\000.\0001\000\040\000a\000d\000d\000C\000o\000d\000e\000\050\000i\000n\000t\000\040\000v\000\051}{subsection.5.1.1}% 28
\BOOKMARK [3][-]{subsubsection.5.1.1.2}{\376\377\0005\000.\0001\000.\0001\000.\0002\000\040\000a\000d\000d\000I\000n\000s\000t\000r\000u\000c\000t\000i\000o\000n\000N\000a\000m\000e\000\050\000c\000h\000a\000r\000\040\000*\000i\000n\000s\000t\000n\000a\000m\000e\000,\000\040\000i\000n\000t\000\040\000o\000p\000c\000o\000d\000,\000\040\000i\000n\000t\000\040\000t\000y\000p\000e\000,\000\040\000c\000h\000a\000r\000\040\000*\000f\000o\000r\000m\000a\000t\000,\000\040\000i\000n\000t\000\040\000n\000b\000o\000p\000s\000\051}{subsection.5.1.1}% 29
\BOOKMARK [3][-]{subsubsection.5.1.1.3}{\376\377\0005\000.\0001\000.\0001\000.\0003\000\040\000a\000d\000d\000L\000a\000b\000e\000l\000\050\000c\000h\000a\000r\000\040\000*\000l\000a\000b\000e\000l\000n\000a\000m\000e\000,\000\040\000i\000n\000t\000\040\000a\000d\000d\000r\000\051}{subsection.5.1.1}% 30
\BOOKMARK [3][-]{subsubsection.5.1.1.4}{\376\377\0005\000.\0001\000.\0001\000.\0004\000\040\000a\000d\000d\000R\000e\000f\000e\000r\000e\000n\000c\000e\000\050\000c\000h\000a\000r\000\040\000*\000l\000a\000b\000e\000l\000n\000a\000m\000e\000,\000\040\000i\000n\000t\000\040\000a\000d\000d\000r\000I\000n\000C\000o\000d\000e\000\051}{subsection.5.1.1}% 31
\BOOKMARK [3][-]{subsubsection.5.1.1.5}{\376\377\0005\000.\0001\000.\0001\000.\0005\000\040\000d\000e\000c\000o\000d\000e\000I\000n\000s\000t\000r\000u\000c\000t\000i\000o\000n\000\050\000c\000h\000a\000r\000\040\000*\000l\000i\000n\000e\000\051}{subsection.5.1.1}% 32
\BOOKMARK [3][-]{subsubsection.5.1.1.6}{\376\377\0005\000.\0001\000.\0001\000.\0006\000\040\000d\000u\000m\000p\000B\000i\000n\000a\000r\000y\000C\000o\000d\000e\000\050\000\051}{subsection.5.1.1}% 33
\BOOKMARK [3][-]{subsubsection.5.1.1.7}{\376\377\0005\000.\0001\000.\0001\000.\0007\000\040\000f\000i\000n\000d\000L\000a\000b\000e\000l\000\050\000c\000h\000a\000r\000\040\000*\000l\000a\000b\000e\000l\000n\000a\000m\000e\000\051}{subsection.5.1.1}% 34
\BOOKMARK [3][-]{subsubsection.5.1.1.8}{\376\377\0005\000.\0001\000.\0001\000.\0008\000\040\000g\000e\000n\000e\000r\000a\000t\000e\000B\000i\000n\000a\000r\000y\000\050\000F\000I\000L\000E\000\040\000*\000f\000o\000u\000t\000\051}{subsection.5.1.1}% 35
\BOOKMARK [3][-]{subsubsection.5.1.1.9}{\376\377\0005\000.\0001\000.\0001\000.\0009\000\040\000m\000a\000i\000n\000\050\000i\000n\000t\000\040\000a\000r\000g\000c\000,\000\040\000c\000h\000a\000r\000\040\000*\000*\000a\000r\000g\000v\000\051}{subsection.5.1.1}% 36
\BOOKMARK [3][-]{subsubsection.5.1.1.10}{\376\377\0005\000.\0001\000.\0001\000.\0001\0000\000\040\000p\000a\000r\000s\000e\000A\000s\000m\000\050\000F\000I\000L\000E\000\040\000*\000f\000i\000n\000\051}{subsection.5.1.1}% 37
\BOOKMARK [3][-]{subsubsection.5.1.1.11}{\376\377\0005\000.\0001\000.\0001\000.\0001\0001\000\040\000p\000r\000i\000n\000t\000L\000a\000b\000e\000l\000s\000\050\000\051}{subsection.5.1.1}% 38
\BOOKMARK [3][-]{subsubsection.5.1.1.12}{\376\377\0005\000.\0001\000.\0001\000.\0001\0002\000\040\000r\000e\000s\000o\000l\000v\000e\000R\000e\000f\000e\000r\000e\000n\000c\000e\000s\000\050\000\051}{subsection.5.1.1}% 39
\BOOKMARK [1][-]{section.5.2}{\376\377\0005\000.\0002\000\040\000a\000s\000m\000.\000h\000\040\000F\000i\000l\000e\000\040\000R\000e\000f\000e\000r\000e\000n\000c\000e}{chapter.5}% 40
\BOOKMARK [2][-]{subsection.5.2.1}{\376\377\0005\000.\0002\000.\0001\000\040\000M\000a\000c\000r\000o\000\040\000D\000e\000f\000i\000n\000i\000t\000i\000o\000n\000\040\000D\000o\000c\000u\000m\000e\000n\000t\000a\000t\000i\000o\000n}{section.5.2}% 41
\BOOKMARK [3][-]{subsubsection.5.2.1.1}{\376\377\0005\000.\0002\000.\0001\000.\0001\000\040\000M\000A\000X\000C\000O\000D\000E\000S\000E\000G\000M\000E\000N\000T\000S\000I\000Z\000E}{subsection.5.2.1}% 42
\BOOKMARK [3][-]{subsubsection.5.2.1.2}{\376\377\0005\000.\0002\000.\0001\000.\0002\000\040\000M\000A\000X\000I\000D\000E\000N\000T\000S\000S\000I\000Z\000E}{subsection.5.2.1}% 43
\BOOKMARK [3][-]{subsubsection.5.2.1.3}{\376\377\0005\000.\0002\000.\0001\000.\0003\000\040\000M\000A\000X\000L\000A\000B\000E\000L\000S\000S\000I\000Z\000E}{subsection.5.2.1}% 44
\BOOKMARK [2][-]{subsection.5.2.2}{\376\377\0005\000.\0002\000.\0002\000\040\000F\000u\000n\000c\000t\000i\000o\000n\000\040\000D\000o\000c\000u\000m\000e\000n\000t\000a\000t\000i\000o\000n}{section.5.2}% 45
\BOOKMARK [3][-]{subsubsection.5.2.2.1}{\376\377\0005\000.\0002\000.\0002\000.\0001\000\040\000a\000d\000d\000C\000o\000d\000e\000\050\000i\000n\000t\000\040\000v\000\051}{subsection.5.2.2}% 46
\BOOKMARK [3][-]{subsubsection.5.2.2.2}{\376\377\0005\000.\0002\000.\0002\000.\0002\000\040\000a\000d\000d\000I\000n\000s\000t\000r\000u\000c\000t\000i\000o\000n\000N\000a\000m\000e\000\050\000c\000h\000a\000r\000\040\000*\000i\000n\000s\000t\000n\000a\000m\000e\000,\000\040\000i\000n\000t\000\040\000o\000p\000c\000o\000d\000,\000\040\000i\000n\000t\000\040\000t\000y\000p\000e\000,\000\040\000c\000h\000a\000r\000\040\000*\000f\000o\000r\000m\000a\000t\000,\000\040\000i\000n\000t\000\040\000n\000b\000o\000p\000s\000\051}{subsection.5.2.2}% 47
\BOOKMARK [3][-]{subsubsection.5.2.2.3}{\376\377\0005\000.\0002\000.\0002\000.\0003\000\040\000a\000d\000d\000L\000a\000b\000e\000l\000\050\000c\000h\000a\000r\000\040\000*\000l\000a\000b\000e\000l\000n\000a\000m\000e\000,\000\040\000i\000n\000t\000\040\000a\000d\000d\000r\000\051}{subsection.5.2.2}% 48
\BOOKMARK [3][-]{subsubsection.5.2.2.4}{\376\377\0005\000.\0002\000.\0002\000.\0004\000\040\000a\000d\000d\000R\000e\000f\000e\000r\000e\000n\000c\000e\000\050\000c\000h\000a\000r\000\040\000*\000l\000a\000b\000e\000l\000n\000a\000m\000e\000,\000\040\000i\000n\000t\000\040\000a\000d\000d\000r\000I\000n\000C\000o\000d\000e\000\051}{subsection.5.2.2}% 49
\BOOKMARK [3][-]{subsubsection.5.2.2.5}{\376\377\0005\000.\0002\000.\0002\000.\0005\000\040\000d\000e\000c\000o\000d\000e\000I\000n\000s\000t\000r\000u\000c\000t\000i\000o\000n\000\050\000c\000h\000a\000r\000\040\000*\000l\000i\000n\000e\000\051}{subsection.5.2.2}% 50
\BOOKMARK [3][-]{subsubsection.5.2.2.6}{\376\377\0005\000.\0002\000.\0002\000.\0006\000\040\000d\000u\000m\000p\000B\000i\000n\000a\000r\000y\000C\000o\000d\000e\000\050\000\051}{subsection.5.2.2}% 51
\BOOKMARK [3][-]{subsubsection.5.2.2.7}{\376\377\0005\000.\0002\000.\0002\000.\0007\000\040\000f\000i\000n\000d\000L\000a\000b\000e\000l\000\050\000c\000h\000a\000r\000\040\000*\000l\000a\000b\000e\000l\000n\000a\000m\000e\000\051}{subsection.5.2.2}% 52
\BOOKMARK [3][-]{subsubsection.5.2.2.8}{\376\377\0005\000.\0002\000.\0002\000.\0008\000\040\000g\000e\000n\000e\000r\000a\000t\000e\000B\000i\000n\000a\000r\000y\000\050\000F\000I\000L\000E\000\040\000*\000f\000o\000u\000t\000\051}{subsection.5.2.2}% 53
\BOOKMARK [3][-]{subsubsection.5.2.2.9}{\376\377\0005\000.\0002\000.\0002\000.\0009\000\040\000p\000a\000r\000s\000e\000A\000s\000m\000\050\000F\000I\000L\000E\000\040\000*\000f\000i\000n\000\051}{subsection.5.2.2}% 54
\BOOKMARK [3][-]{subsubsection.5.2.2.10}{\376\377\0005\000.\0002\000.\0002\000.\0001\0000\000\040\000p\000r\000i\000n\000t\000L\000a\000b\000e\000l\000s\000\050\000\051}{subsection.5.2.2}% 55
\BOOKMARK [3][-]{subsubsection.5.2.2.11}{\376\377\0005\000.\0002\000.\0002\000.\0001\0001\000\040\000r\000e\000s\000o\000l\000v\000e\000R\000e\000f\000e\000r\000e\000n\000c\000e\000s\000\050\000\051}{subsection.5.2.2}% 56
\BOOKMARK [2][-]{subsection.5.2.3}{\376\377\0005\000.\0002\000.\0003\000\040\000V\000a\000r\000i\000a\000b\000l\000e\000\040\000D\000o\000c\000u\000m\000e\000n\000t\000a\000t\000i\000o\000n}{section.5.2}% 57
\BOOKMARK [3][-]{subsubsection.5.2.3.1}{\376\377\0005\000.\0002\000.\0003\000.\0001\000\040\000c\000o\000d\000e\000S\000e\000g\000m\000e\000n\000t}{subsection.5.2.3}% 58
\BOOKMARK [3][-]{subsubsection.5.2.3.2}{\376\377\0005\000.\0002\000.\0003\000.\0002\000\040\000c\000u\000r\000r\000e\000n\000t\000I\000n\000s\000t}{subsection.5.2.3}% 59
\BOOKMARK [3][-]{subsubsection.5.2.3.3}{\376\377\0005\000.\0002\000.\0003\000.\0003\000\040\000c\000u\000r\000r\000e\000n\000t\000I\000n\000s\000t\000r\000u\000c\000t\000i\000o\000n\000N\000a\000m\000e}{subsection.5.2.3}% 60
\BOOKMARK [3][-]{subsubsection.5.2.3.4}{\376\377\0005\000.\0002\000.\0003\000.\0004\000\040\000c\000u\000r\000r\000e\000n\000t\000L\000a\000b\000e\000l}{subsection.5.2.3}% 61
\BOOKMARK [3][-]{subsubsection.5.2.3.5}{\376\377\0005\000.\0002\000.\0003\000.\0005\000\040\000c\000u\000r\000r\000e\000n\000t\000R\000e\000f}{subsection.5.2.3}% 62
\BOOKMARK [3][-]{subsubsection.5.2.3.6}{\376\377\0005\000.\0002\000.\0003\000.\0006\000\040\000t\000a\000b\000I\000n\000s\000t\000r\000u\000c\000t\000i\000o\000n\000N\000a\000m\000e\000s}{subsection.5.2.3}% 63
\BOOKMARK [3][-]{subsubsection.5.2.3.7}{\376\377\0005\000.\0002\000.\0003\000.\0007\000\040\000t\000a\000b\000L\000a\000b\000e\000l\000s}{subsection.5.2.3}% 64
\BOOKMARK [3][-]{subsubsection.5.2.3.8}{\376\377\0005\000.\0002\000.\0003\000.\0008\000\040\000t\000a\000b\000R\000e\000f\000e\000r\000e\000n\000c\000e\000s}{subsection.5.2.3}% 65
\BOOKMARK [0][-]{section*.43}{\376\377\000I\000n\000d\000e\000x}{}% 66
