<html>
<body>
<pre>
<h1>µVision Build Log</h1>
<h2>Project:</h2>
C:\Users\user\Desktop\Cours\Projet_C\Projet_Keil\projet.uvproj
Project File Date:  06/19/2017

<h2>Output:</h2>
Rebuild target 'Target 1'
assembling startup_stm32f072.s...
compiling system_stm32f0xx_SYSCLK_48MHz_GeneAvecRC_Int_8MHz.c...
compiling main.c...
linking...
Program Size: Code=5364 RO-data=496 RW-data=28 ZI-data=3244  
".\projet.axf" - 0 Error(s), 0 Warning(s).
Load "C:\\Users\\user\\Desktop\\Cours\\Projet_C\\Projet_Keil\\projet.axf" 
Erase Done.
Programming Done.
Verify OK.
Application running ...
