ARM Linker, 5.03 [Build 76] [MDK-ARM Lite]

==============================================================================

Section Cross References

    startup_stm32f072.o(STACK) refers (Special) to heapauxi.o(.text) for __use_two_region_memory
    startup_stm32f072.o(HEAP) refers (Special) to heapauxi.o(.text) for __use_two_region_memory
    startup_stm32f072.o(RESET) refers (Special) to heapauxi.o(.text) for __use_two_region_memory
    startup_stm32f072.o(RESET) refers to startup_stm32f072.o(STACK) for __initial_sp
    startup_stm32f072.o(RESET) refers to startup_stm32f072.o(.text) for Reset_Handler
    startup_stm32f072.o(RESET) refers to main.o(.text) for USART2_IRQHandler
    startup_stm32f072.o(.text) refers (Special) to heapauxi.o(.text) for __use_two_region_memory
    startup_stm32f072.o(.text) refers to system_stm32f0xx_sysclk_48mhz_geneavecrc_int_8mhz.o(.text) for SystemInit
    startup_stm32f072.o(.text) refers to __main.o(!!!main) for __main
    startup_stm32f072.o(.text) refers to startup_stm32f072.o(HEAP) for Heap_Mem
    startup_stm32f072.o(.text) refers to startup_stm32f072.o(STACK) for Stack_Mem
    system_stm32f0xx_sysclk_48mhz_geneavecrc_int_8mhz.o(.text) refers to aeabi_sdiv.o(.text) for __aeabi_uidivmod
    system_stm32f0xx_sysclk_48mhz_geneavecrc_int_8mhz.o(.text) refers to system_stm32f0xx_sysclk_48mhz_geneavecrc_int_8mhz.o(.data) for SystemCoreClock
    main.o(.text) refers to _scanf_int.o(.text) for _scanf_int
    main.o(.text) refers to aeabi_sdiv.o(.text) for __aeabi_uidivmod
    main.o(.text) refers to main.o(.bss) for opcode
    main.o(.text) refers to system_stm32f0xx_sysclk_48mhz_geneavecrc_int_8mhz.o(.data) for SystemCoreClock
    main.o(.text) refers to strstr.o(.text) for strstr
    main.o(.text) refers to __0sscanf.o(.text) for __0sscanf
    main.o(.text) refers to main.o(.data) for k
    __0sscanf.o(.text) refers to scanf_char.o(.text) for __vfscanf_char
    __0sscanf.o(.text) refers to _sgetc.o(.text) for _sgetc
    _scanf_int.o(.text) refers to _chval.o(.text) for _chval
    __main.o(!!!main) refers to rtentry.o(.ARM.Collect$$rtentry$$00000000) for __rt_entry
    rtentry.o(.ARM.Collect$$rtentry$$00000000) refers (Special) to rtentry2.o(.ARM.Collect$$rtentry$$0000000A) for __rt_entry_li
    rtentry.o(.ARM.Collect$$rtentry$$00000000) refers (Special) to rtentry2.o(.ARM.Collect$$rtentry$$0000000D) for __rt_entry_main
    rtentry.o(.ARM.Collect$$rtentry$$00000000) refers (Special) to rtentry2.o(.ARM.Collect$$rtentry$$0000000C) for __rt_entry_postli_1
    rtentry.o(.ARM.Collect$$rtentry$$00000000) refers (Special) to rtentry2.o(.ARM.Collect$$rtentry$$00000009) for __rt_entry_postsh_1
    rtentry.o(.ARM.Collect$$rtentry$$00000000) refers (Special) to rtentry2.o(.ARM.Collect$$rtentry$$00000002) for __rt_entry_presh_1
    rtentry.o(.ARM.Collect$$rtentry$$00000000) refers (Special) to rtentry4.o(.ARM.Collect$$rtentry$$00000004) for __rt_entry_sh
    aeabi_idiv0_sigfpe.o(.text) refers to rt_div0.o(.text) for __rt_div0
    scanf_char.o(.text) refers to _scanf.o(.text) for __vfscanf
    scanf_char.o(.text) refers to isspace.o(.text) for isspace
    rtentry2.o(.ARM.Collect$$rtentry$$00000008) refers to boardinit2.o(.text) for _platform_post_stackheap_init
    rtentry2.o(.ARM.Collect$$rtentry$$0000000A) refers to libinit.o(.ARM.Collect$$libinit$$00000000) for __rt_lib_init
    rtentry2.o(.ARM.Collect$$rtentry$$0000000B) refers to boardinit3.o(.text) for _platform_post_lib_init
    rtentry2.o(.ARM.Collect$$rtentry$$0000000D) refers to main.o(.text) for main
    rtentry2.o(.ARM.Collect$$rtentry$$0000000D) refers to exit.o(.text) for exit
    rtentry2.o(.ARM.exidx) refers to rtentry2.o(.ARM.Collect$$rtentry$$00000001) for .ARM.Collect$$rtentry$$00000001
    rtentry2.o(.ARM.exidx) refers to rtentry2.o(.ARM.Collect$$rtentry$$00000008) for .ARM.Collect$$rtentry$$00000008
    rtentry2.o(.ARM.exidx) refers to rtentry2.o(.ARM.Collect$$rtentry$$0000000A) for .ARM.Collect$$rtentry$$0000000A
    rtentry2.o(.ARM.exidx) refers to rtentry2.o(.ARM.Collect$$rtentry$$0000000B) for .ARM.Collect$$rtentry$$0000000B
    rtentry2.o(.ARM.exidx) refers to rtentry2.o(.ARM.Collect$$rtentry$$0000000D) for .ARM.Collect$$rtentry$$0000000D
    rtentry4.o(.ARM.Collect$$rtentry$$00000004) refers to sys_stackheap_outer.o(.text) for __user_setup_stackheap
    rtentry4.o(.ARM.exidx) refers to rtentry4.o(.ARM.Collect$$rtentry$$00000004) for .ARM.Collect$$rtentry$$00000004
    rt_div0.o(.text) refers to defsig_fpe_outer.o(.text) for __rt_SIGFPE
    isspace.o(.text) refers to rt_ctype_table.o(.text) for __rt_ctype_table
    _scanf.o(.text) refers (Weak) to _scanf_int.o(.text) for _scanf_int
    sys_stackheap_outer.o(.text) refers to libspace.o(.text) for __user_perproc_libspace
    sys_stackheap_outer.o(.text) refers to startup_stm32f072.o(.text) for __user_initial_stackheap
    sys_stackheap_outer.o(__vectab_stack_and_reset_area) refers to tempstk.o(.text) for __temporary_stack_top
    sys_stackheap_outer.o(__vectab_stack_and_reset_area) refers to __main.o(!!!main) for __main
    rt_ctype_table.o(.text) refers to rt_locale_intlibspace.o(.text) for __rt_locale
    rt_ctype_table.o(.text) refers to lc_ctype_c.o(locale$$code) for _get_lc_ctype
    exit.o(.text) refers to rtexit.o(.ARM.Collect$$rtexit$$00000000) for __rt_exit
    defsig_fpe_outer.o(.text) refers to defsig_fpe_inner.o(.text) for __rt_SIGFPE_inner
    defsig_fpe_outer.o(.text) refers to defsig_exit.o(.text) for __sig_exit
    defsig_fpe_formal.o(.text) refers to rt_raise.o(.text) for __rt_raise
    libinit.o(.ARM.Collect$$libinit$$00000000) refers (Special) to libinit2.o(.ARM.Collect$$libinit$$0000002C) for __rt_lib_init_alloca_1
    libinit.o(.ARM.Collect$$libinit$$00000000) refers (Special) to libinit2.o(.ARM.Collect$$libinit$$0000002A) for __rt_lib_init_argv_1
    libinit.o(.ARM.Collect$$libinit$$00000000) refers (Special) to libinit2.o(.ARM.Collect$$libinit$$00000019) for __rt_lib_init_atexit_1
    libinit.o(.ARM.Collect$$libinit$$00000000) refers (Special) to libinit2.o(.ARM.Collect$$libinit$$0000001F) for __rt_lib_init_clock_1
    libinit.o(.ARM.Collect$$libinit$$00000000) refers (Special) to libinit2.o(.ARM.Collect$$libinit$$00000030) for __rt_lib_init_cpp_1
    libinit.o(.ARM.Collect$$libinit$$00000000) refers (Special) to libinit2.o(.ARM.Collect$$libinit$$0000002E) for __rt_lib_init_exceptions_1
    libinit.o(.ARM.Collect$$libinit$$00000000) refers (Special) to libinit2.o(.ARM.Collect$$libinit$$00000001) for __rt_lib_init_fp_1
    libinit.o(.ARM.Collect$$libinit$$00000000) refers (Special) to libinit2.o(.ARM.Collect$$libinit$$0000001D) for __rt_lib_init_fp_trap_1
    libinit.o(.ARM.Collect$$libinit$$00000000) refers (Special) to libinit2.o(.ARM.Collect$$libinit$$00000021) for __rt_lib_init_getenv_1
    libinit.o(.ARM.Collect$$libinit$$00000000) refers (Special) to libinit2.o(.ARM.Collect$$libinit$$00000008) for __rt_lib_init_heap_1
    libinit.o(.ARM.Collect$$libinit$$00000000) refers (Special) to libinit2.o(.ARM.Collect$$libinit$$0000000F) for __rt_lib_init_lc_collate_1
    libinit.o(.ARM.Collect$$libinit$$00000000) refers (Special) to libinit2.o(.ARM.Collect$$libinit$$00000011) for __rt_lib_init_lc_ctype_1
    libinit.o(.ARM.Collect$$libinit$$00000000) refers (Special) to libinit2.o(.ARM.Collect$$libinit$$00000013) for __rt_lib_init_lc_monetary_1
    libinit.o(.ARM.Collect$$libinit$$00000000) refers (Special) to libinit2.o(.ARM.Collect$$libinit$$00000015) for __rt_lib_init_lc_numeric_1
    libinit.o(.ARM.Collect$$libinit$$00000000) refers (Special) to libinit2.o(.ARM.Collect$$libinit$$00000017) for __rt_lib_init_lc_time_1
    libinit.o(.ARM.Collect$$libinit$$00000000) refers (Special) to libinit2.o(.ARM.Collect$$libinit$$0000000C) for __rt_lib_init_rand_1
    libinit.o(.ARM.Collect$$libinit$$00000000) refers (Special) to libinit2.o(.ARM.Collect$$libinit$$00000031) for __rt_lib_init_return
    libinit.o(.ARM.Collect$$libinit$$00000000) refers (Special) to libinit2.o(.ARM.Collect$$libinit$$0000001B) for __rt_lib_init_signal_1
    libinit.o(.ARM.Collect$$libinit$$00000000) refers (Special) to libinit2.o(.ARM.Collect$$libinit$$00000023) for __rt_lib_init_stdio_1
    libinit.o(.ARM.Collect$$libinit$$00000000) refers (Special) to libinit2.o(.ARM.Collect$$libinit$$0000000A) for __rt_lib_init_user_alloc_1
    libspace.o(.text) refers to libspace.o(.bss) for __libspace_start
    rtexit.o(.ARM.Collect$$rtexit$$00000000) refers (Special) to rtexit2.o(.ARM.Collect$$rtexit$$00000004) for __rt_exit_exit
    rtexit.o(.ARM.Collect$$rtexit$$00000000) refers (Special) to rtexit2.o(.ARM.Collect$$rtexit$$00000003) for __rt_exit_ls
    rtexit.o(.ARM.Collect$$rtexit$$00000000) refers (Special) to rtexit2.o(.ARM.Collect$$rtexit$$00000002) for __rt_exit_prels_1
    rtexit.o(.ARM.exidx) refers (Special) to rtexit2.o(.ARM.Collect$$rtexit$$00000004) for __rt_exit_exit
    rtexit.o(.ARM.exidx) refers (Special) to rtexit2.o(.ARM.Collect$$rtexit$$00000003) for __rt_exit_ls
    rtexit.o(.ARM.exidx) refers (Special) to rtexit2.o(.ARM.Collect$$rtexit$$00000002) for __rt_exit_prels_1
    rtexit.o(.ARM.exidx) refers to rtexit.o(.ARM.Collect$$rtexit$$00000000) for .ARM.Collect$$rtexit$$00000000
    rt_raise.o(.text) refers to __raise.o(.text) for __raise
    rt_raise.o(.text) refers to sys_exit.o(.text) for _sys_exit
    rt_locale.o(.text) refers to rt_locale.o(.bss) for __rt_locale_data
    rt_locale_intlibspace.o(.text) refers to libspace.o(.bss) for __libspace_start
    lc_ctype_c.o(locale$$data) refers (Special) to libinit2.o(.ARM.Collect$$libinit$$00000010) for __rt_lib_init_lc_ctype_2
    lc_ctype_c.o(locale$$code) refers (Special) to libinit2.o(.ARM.Collect$$libinit$$00000010) for __rt_lib_init_lc_ctype_2
    lc_ctype_c.o(locale$$code) refers to strcmp.o(.text) for strcmp
    lc_ctype_c.o(locale$$code) refers to lc_ctype_c.o(locale$$data) for __lcctype_c_name
    defsig_exit.o(.text) refers to sys_exit.o(.text) for _sys_exit
    defsig_fpe_inner.o(.text) refers to defsig_general.o(.text) for __default_signal_display
    libinit2.o(.ARM.Collect$$libinit$$0000000D) refers (Weak) to rt_locale_intlibspace.o(.text) for __rt_locale
    libinit2.o(.ARM.Collect$$libinit$$0000000E) refers to libinit2.o(.ARM.Collect$$libinit$$0000000D) for .ARM.Collect$$libinit$$0000000D
    libinit2.o(.ARM.Collect$$libinit$$00000010) refers to libinit2.o(.ARM.Collect$$libinit$$0000000D) for .ARM.Collect$$libinit$$0000000D
    libinit2.o(.ARM.Collect$$libinit$$00000010) refers (Weak) to lc_ctype_c.o(locale$$code) for _get_lc_ctype
    libinit2.o(.ARM.Collect$$libinit$$00000012) refers to libinit2.o(.ARM.Collect$$libinit$$0000000D) for .ARM.Collect$$libinit$$0000000D
    libinit2.o(.ARM.Collect$$libinit$$00000014) refers to libinit2.o(.ARM.Collect$$libinit$$0000000D) for .ARM.Collect$$libinit$$0000000D
    libinit2.o(.ARM.Collect$$libinit$$00000016) refers to libinit2.o(.ARM.Collect$$libinit$$0000000D) for .ARM.Collect$$libinit$$0000000D
    libinit2.o(.ARM.Collect$$libinit$$00000024) refers to argv_veneer.o(.text) for __ARM_argv_veneer
    libinit2.o(.ARM.Collect$$libinit$$00000025) refers to argv_veneer.o(.text) for __ARM_argv_veneer
    sys_exit.o(.text) refers (Special) to use_no_semi.o(.text) for __I$use$semihosting
    sys_exit.o(.text) refers (Special) to indicate_semi.o(.text) for __semihosting_library_function
    rtexit2.o(.ARM.Collect$$rtexit$$00000003) refers to libshutdown.o(.ARM.Collect$$libshutdown$$00000000) for __rt_lib_shutdown
    rtexit2.o(.ARM.Collect$$rtexit$$00000004) refers to sys_exit.o(.text) for _sys_exit
    rtexit2.o(.ARM.exidx) refers to rtexit2.o(.ARM.Collect$$rtexit$$00000001) for .ARM.Collect$$rtexit$$00000001
    rtexit2.o(.ARM.exidx) refers to rtexit2.o(.ARM.Collect$$rtexit$$00000003) for .ARM.Collect$$rtexit$$00000003
    rtexit2.o(.ARM.exidx) refers to rtexit2.o(.ARM.Collect$$rtexit$$00000004) for .ARM.Collect$$rtexit$$00000004
    __raise.o(.text) refers to defsig.o(CL$$defsig) for __default_signal_handler
    defsig_general.o(.text) refers to sys_wrch.o(.text) for _ttywrch
    sys_wrch.o(.text) refers (Special) to use_no_semi.o(.text) for __I$use$semihosting
    sys_wrch.o(.text) refers (Special) to indicate_semi.o(.text) for __semihosting_library_function
    defsig.o(CL$$defsig) refers to defsig_fpe_inner.o(.text) for __rt_SIGFPE_inner
    defsig.o(CL$$defsig) refers to defsig_rtmem_inner.o(.text) for __rt_SIGRTMEM_inner
    _get_argv_nomalloc.o(.text) refers (Special) to hrguard.o(.text) for __heap_region$guard
    _get_argv_nomalloc.o(.text) refers to defsig_rtmem_outer.o(.text) for __rt_SIGRTMEM
    _get_argv_nomalloc.o(.text) refers to sys_command.o(.text) for _sys_command_string
    libshutdown.o(.ARM.Collect$$libshutdown$$00000000) refers (Special) to libshutdown2.o(.ARM.Collect$$libshutdown$$00000006) for __rt_lib_shutdown_fp_trap_1
    libshutdown.o(.ARM.Collect$$libshutdown$$00000000) refers (Special) to libshutdown2.o(.ARM.Collect$$libshutdown$$0000000E) for __rt_lib_shutdown_heap_1
    libshutdown.o(.ARM.Collect$$libshutdown$$00000000) refers (Special) to libshutdown2.o(.ARM.Collect$$libshutdown$$0000000F) for __rt_lib_shutdown_return
    libshutdown.o(.ARM.Collect$$libshutdown$$00000000) refers (Special) to libshutdown2.o(.ARM.Collect$$libshutdown$$00000009) for __rt_lib_shutdown_signal_1
    libshutdown.o(.ARM.Collect$$libshutdown$$00000000) refers (Special) to libshutdown2.o(.ARM.Collect$$libshutdown$$00000003) for __rt_lib_shutdown_stdio_1
    libshutdown.o(.ARM.Collect$$libshutdown$$00000000) refers (Special) to libshutdown2.o(.ARM.Collect$$libshutdown$$0000000B) for __rt_lib_shutdown_user_alloc_1
    sys_command.o(.text) refers (Special) to use_no_semi.o(.text) for __I$use$semihosting
    sys_command.o(.text) refers (Special) to indicate_semi.o(.text) for __semihosting_library_function
    defsig_abrt_inner.o(.text) refers to defsig_general.o(.text) for __default_signal_display
    defsig_rtred_inner.o(.text) refers to defsig_general.o(.text) for __default_signal_display
    defsig_rtmem_inner.o(.text) refers to defsig_general.o(.text) for __default_signal_display
    defsig_rtmem_outer.o(.text) refers to defsig_rtmem_inner.o(.text) for __rt_SIGRTMEM_inner
    defsig_rtmem_outer.o(.text) refers to defsig_exit.o(.text) for __sig_exit
    defsig_rtmem_formal.o(.text) refers to rt_raise.o(.text) for __rt_raise
    defsig_stak_inner.o(.text) refers to defsig_general.o(.text) for __default_signal_display
    defsig_pvfn_inner.o(.text) refers to defsig_general.o(.text) for __default_signal_display
    defsig_cppl_inner.o(.text) refers to defsig_general.o(.text) for __default_signal_display
    defsig_segv_inner.o(.text) refers to defsig_general.o(.text) for __default_signal_display
    defsig_other.o(.text) refers to defsig_general.o(.text) for __default_signal_display


==============================================================================

Removing Unused input sections from the image.

    Removing system_stm32f0xx_sysclk_48mhz_geneavecrc_int_8mhz.o(.rev16_text), (4 bytes).
    Removing system_stm32f0xx_sysclk_48mhz_geneavecrc_int_8mhz.o(.revsh_text), (4 bytes).
    Removing main.o(.rev16_text), (4 bytes).
    Removing main.o(.revsh_text), (4 bytes).

4 unused section(s) (total 16 bytes) removed from the image.

==============================================================================

Image Symbol Table

    Local Symbols

    Symbol Name                              Value     Ov Type        Size  Object(Section)

    ../clib/angel/boardlib.s                 0x00000000   Number         0  boardinit1.o ABSOLUTE
    ../clib/angel/boardlib.s                 0x00000000   Number         0  boardinit2.o ABSOLUTE
    ../clib/angel/boardlib.s                 0x00000000   Number         0  boardinit3.o ABSOLUTE
    ../clib/angel/boardlib.s                 0x00000000   Number         0  boardshut.o ABSOLUTE
    ../clib/angel/handlers.s                 0x00000000   Number         0  __scatter_zi.o ABSOLUTE
    ../clib/angel/handlers.s                 0x00000000   Number         0  __scatter_copy.o ABSOLUTE
    ../clib/angel/kernel.s                   0x00000000   Number         0  rtentry4.o ABSOLUTE
    ../clib/angel/kernel.s                   0x00000000   Number         0  rtexit2.o ABSOLUTE
    ../clib/angel/kernel.s                   0x00000000   Number         0  rtentry2.o ABSOLUTE
    ../clib/angel/kernel.s                   0x00000000   Number         0  rtentry.o ABSOLUTE
    ../clib/angel/kernel.s                   0x00000000   Number         0  rtexit.o ABSOLUTE
    ../clib/angel/rt.s                       0x00000000   Number         0  rt_ctype_table.o ABSOLUTE
    ../clib/angel/rt.s                       0x00000000   Number         0  aeabi_idiv0.o ABSOLUTE
    ../clib/angel/rt.s                       0x00000000   Number         0  aeabi_idiv0_sigfpe.o ABSOLUTE
    ../clib/angel/rt.s                       0x00000000   Number         0  rt_div0.o ABSOLUTE
    ../clib/angel/rt.s                       0x00000000   Number         0  rt_raise.o ABSOLUTE
    ../clib/angel/rt.s                       0x00000000   Number         0  rt_locale.o ABSOLUTE
    ../clib/angel/rt.s                       0x00000000   Number         0  rt_locale_intlibspace.o ABSOLUTE
    ../clib/angel/scatterp.s                 0x00000000   Number         0  __scatter.o ABSOLUTE
    ../clib/angel/startup.s                  0x00000000   Number         0  __main.o ABSOLUTE
    ../clib/angel/sys.s                      0x00000000   Number         0  libspace.o ABSOLUTE
    ../clib/angel/sys.s                      0x00000000   Number         0  indicate_semi.o ABSOLUTE
    ../clib/angel/sys.s                      0x00000000   Number         0  tempstk.o ABSOLUTE
    ../clib/angel/sys.s                      0x00000000   Number         0  use_no_semi.o ABSOLUTE
    ../clib/angel/sys.s                      0x00000000   Number         0  sys_stackheap_outer.o ABSOLUTE
    ../clib/angel/sysapp.c                   0x00000000   Number         0  sys_exit.o ABSOLUTE
    ../clib/angel/sysapp.c                   0x00000000   Number         0  sys_command.o ABSOLUTE
    ../clib/angel/sysapp.c                   0x00000000   Number         0  sys_wrch.o ABSOLUTE
    ../clib/armsys.c                         0x00000000   Number         0  no_argv.o ABSOLUTE
    ../clib/armsys.c                         0x00000000   Number         0  argv_veneer.o ABSOLUTE
    ../clib/armsys.c                         0x00000000   Number         0  _get_argv_nomalloc.o ABSOLUTE
    ../clib/ctype.c                          0x00000000   Number         0  isspace.o ABSOLUTE
    ../clib/division.s                       0x00000000   Number         0  aeabi_sdiv.o ABSOLUTE
    ../clib/division.s                       0x00000000   Number         0  aeabi_sdiv_div0.o ABSOLUTE
    ../clib/heapalloc.c                      0x00000000   Number         0  hrguard.o ABSOLUTE
    ../clib/heapaux.c                        0x00000000   Number         0  heapauxi.o ABSOLUTE
    ../clib/libinit.s                        0x00000000   Number         0  libinit2.o ABSOLUTE
    ../clib/libinit.s                        0x00000000   Number         0  libshutdown.o ABSOLUTE
    ../clib/libinit.s                        0x00000000   Number         0  libinit.o ABSOLUTE
    ../clib/libinit.s                        0x00000000   Number         0  libshutdown2.o ABSOLUTE
    ../clib/locale.s                         0x00000000   Number         0  lc_ctype_c.o ABSOLUTE
    ../clib/scanf.c                          0x00000000   Number         0  _sgetc.o ABSOLUTE
    ../clib/scanf.c                          0x00000000   Number         0  _scanf_int.o ABSOLUTE
    ../clib/scanf.c                          0x00000000   Number         0  scanf_char.o ABSOLUTE
    ../clib/scanf.c                          0x00000000   Number         0  __0sscanf.o ABSOLUTE
    ../clib/scanf.c                          0x00000000   Number         0  _chval.o ABSOLUTE
    ../clib/scanf.c                          0x00000000   Number         0  _scanf.o ABSOLUTE
    ../clib/signal.c                         0x00000000   Number         0  defsig_cppl_inner.o ABSOLUTE
    ../clib/signal.c                         0x00000000   Number         0  defsig_rtmem_inner.o ABSOLUTE
    ../clib/signal.c                         0x00000000   Number         0  defsig_segv_inner.o ABSOLUTE
    ../clib/signal.c                         0x00000000   Number         0  defsig_other.o ABSOLUTE
    ../clib/signal.c                         0x00000000   Number         0  defsig_exit.o ABSOLUTE
    ../clib/signal.c                         0x00000000   Number         0  defsig_fpe_inner.o ABSOLUTE
    ../clib/signal.c                         0x00000000   Number         0  defsig_rtmem_formal.o ABSOLUTE
    ../clib/signal.c                         0x00000000   Number         0  defsig_stak_inner.o ABSOLUTE
    ../clib/signal.c                         0x00000000   Number         0  defsig_rtred_inner.o ABSOLUTE
    ../clib/signal.c                         0x00000000   Number         0  defsig_fpe_formal.o ABSOLUTE
    ../clib/signal.c                         0x00000000   Number         0  defsig_abrt_inner.o ABSOLUTE
    ../clib/signal.c                         0x00000000   Number         0  defsig_rtmem_outer.o ABSOLUTE
    ../clib/signal.c                         0x00000000   Number         0  defsig_pvfn_inner.o ABSOLUTE
    ../clib/signal.c                         0x00000000   Number         0  defsig_general.o ABSOLUTE
    ../clib/signal.c                         0x00000000   Number         0  __raise.o ABSOLUTE
    ../clib/signal.c                         0x00000000   Number         0  defsig_fpe_outer.o ABSOLUTE
    ../clib/signal.s                         0x00000000   Number         0  defsig.o ABSOLUTE
    ../clib/stdlib.c                         0x00000000   Number         0  exit.o ABSOLUTE
    ../clib/string.c                         0x00000000   Number         0  strstr.o ABSOLUTE
    ../clib/string.c                         0x00000000   Number         0  strcmp.o ABSOLUTE
    ../fplib/cfplib/fpinit.c                 0x00000000   Number         0  fpinit.o ABSOLUTE
    ..\System\system_stm32f0xx_SYSCLK_48MHz_GeneAvecRC_Int_8MHz.c 0x00000000   Number         0  system_stm32f0xx_sysclk_48mhz_geneavecrc_int_8mhz.o ABSOLUTE
    ..\User_Sources_Files\main.c             0x00000000   Number         0  main.o ABSOLUTE
    ..\\System\\system_stm32f0xx_SYSCLK_48MHz_GeneAvecRC_Int_8MHz.c 0x00000000   Number         0  system_stm32f0xx_sysclk_48mhz_geneavecrc_int_8mhz.o ABSOLUTE
    ..\\User_Sources_Files\\main.c           0x00000000   Number         0  main.o ABSOLUTE
    dc.s                                     0x00000000   Number         0  dc.o ABSOLUTE
    startup_stm32f072.s                      0x00000000   Number         0  startup_stm32f072.o ABSOLUTE
    RESET                                    0x08000000   Section      192  startup_stm32f072.o(RESET)
    !!!main                                  0x080000c0   Section        8  __main.o(!!!main)
    !!!scatter                               0x080000c8   Section       60  __scatter.o(!!!scatter)
    !!handler_copy                           0x08000104   Section       26  __scatter_copy.o(!!handler_copy)
    !!handler_zi                             0x08000120   Section       28  __scatter_zi.o(!!handler_zi)
    .ARM.Collect$$libinit$$00000000          0x0800013c   Section        2  libinit.o(.ARM.Collect$$libinit$$00000000)
    .ARM.Collect$$libinit$$00000001          0x0800013e   Section        4  libinit2.o(.ARM.Collect$$libinit$$00000001)
    .ARM.Collect$$libinit$$00000008          0x08000142   Section        0  libinit2.o(.ARM.Collect$$libinit$$00000008)
    .ARM.Collect$$libinit$$0000000A          0x08000142   Section        0  libinit2.o(.ARM.Collect$$libinit$$0000000A)
    .ARM.Collect$$libinit$$0000000C          0x08000142   Section        0  libinit2.o(.ARM.Collect$$libinit$$0000000C)
    .ARM.Collect$$libinit$$0000000D          0x08000142   Section        6  libinit2.o(.ARM.Collect$$libinit$$0000000D)
    .ARM.Collect$$libinit$$0000000F          0x08000148   Section        0  libinit2.o(.ARM.Collect$$libinit$$0000000F)
    .ARM.Collect$$libinit$$00000010          0x08000148   Section       12  libinit2.o(.ARM.Collect$$libinit$$00000010)
    .ARM.Collect$$libinit$$00000011          0x08000154   Section        0  libinit2.o(.ARM.Collect$$libinit$$00000011)
    .ARM.Collect$$libinit$$00000013          0x08000154   Section        0  libinit2.o(.ARM.Collect$$libinit$$00000013)
    .ARM.Collect$$libinit$$00000015          0x08000154   Section        0  libinit2.o(.ARM.Collect$$libinit$$00000015)
    .ARM.Collect$$libinit$$00000017          0x08000154   Section        0  libinit2.o(.ARM.Collect$$libinit$$00000017)
    .ARM.Collect$$libinit$$00000019          0x08000154   Section        0  libinit2.o(.ARM.Collect$$libinit$$00000019)
    .ARM.Collect$$libinit$$0000001B          0x08000154   Section        0  libinit2.o(.ARM.Collect$$libinit$$0000001B)
    .ARM.Collect$$libinit$$0000001D          0x08000154   Section        0  libinit2.o(.ARM.Collect$$libinit$$0000001D)
    .ARM.Collect$$libinit$$0000001F          0x08000154   Section        0  libinit2.o(.ARM.Collect$$libinit$$0000001F)
    .ARM.Collect$$libinit$$00000021          0x08000154   Section        0  libinit2.o(.ARM.Collect$$libinit$$00000021)
    .ARM.Collect$$libinit$$00000023          0x08000154   Section        0  libinit2.o(.ARM.Collect$$libinit$$00000023)
    .ARM.Collect$$libinit$$0000002A          0x08000154   Section        0  libinit2.o(.ARM.Collect$$libinit$$0000002A)
    .ARM.Collect$$libinit$$0000002C          0x08000154   Section        0  libinit2.o(.ARM.Collect$$libinit$$0000002C)
    .ARM.Collect$$libinit$$0000002E          0x08000154   Section        0  libinit2.o(.ARM.Collect$$libinit$$0000002E)
    .ARM.Collect$$libinit$$00000030          0x08000154   Section        0  libinit2.o(.ARM.Collect$$libinit$$00000030)
    .ARM.Collect$$libinit$$00000031          0x08000154   Section        2  libinit2.o(.ARM.Collect$$libinit$$00000031)
    .ARM.Collect$$libshutdown$$00000000      0x08000156   Section        2  libshutdown.o(.ARM.Collect$$libshutdown$$00000000)
    .ARM.Collect$$libshutdown$$00000003      0x08000158   Section        0  libshutdown2.o(.ARM.Collect$$libshutdown$$00000003)
    .ARM.Collect$$libshutdown$$00000006      0x08000158   Section        0  libshutdown2.o(.ARM.Collect$$libshutdown$$00000006)
    .ARM.Collect$$libshutdown$$00000009      0x08000158   Section        0  libshutdown2.o(.ARM.Collect$$libshutdown$$00000009)
    .ARM.Collect$$libshutdown$$0000000B      0x08000158   Section        0  libshutdown2.o(.ARM.Collect$$libshutdown$$0000000B)
    .ARM.Collect$$libshutdown$$0000000E      0x08000158   Section        0  libshutdown2.o(.ARM.Collect$$libshutdown$$0000000E)
    .ARM.Collect$$libshutdown$$0000000F      0x08000158   Section        2  libshutdown2.o(.ARM.Collect$$libshutdown$$0000000F)
    .ARM.Collect$$rtentry$$00000000          0x0800015a   Section        0  rtentry.o(.ARM.Collect$$rtentry$$00000000)
    .ARM.Collect$$rtentry$$00000002          0x0800015a   Section        0  rtentry2.o(.ARM.Collect$$rtentry$$00000002)
    .ARM.Collect$$rtentry$$00000004          0x0800015a   Section        6  rtentry4.o(.ARM.Collect$$rtentry$$00000004)
    .ARM.Collect$$rtentry$$00000009          0x08000160   Section        0  rtentry2.o(.ARM.Collect$$rtentry$$00000009)
    .ARM.Collect$$rtentry$$0000000A          0x08000160   Section        4  rtentry2.o(.ARM.Collect$$rtentry$$0000000A)
    .ARM.Collect$$rtentry$$0000000C          0x08000164   Section        0  rtentry2.o(.ARM.Collect$$rtentry$$0000000C)
    .ARM.Collect$$rtentry$$0000000D          0x08000164   Section        8  rtentry2.o(.ARM.Collect$$rtentry$$0000000D)
    .ARM.Collect$$rtexit$$00000000           0x0800016c   Section        2  rtexit.o(.ARM.Collect$$rtexit$$00000000)
    .ARM.Collect$$rtexit$$00000002           0x0800016e   Section        0  rtexit2.o(.ARM.Collect$$rtexit$$00000002)
    .ARM.Collect$$rtexit$$00000003           0x0800016e   Section        4  rtexit2.o(.ARM.Collect$$rtexit$$00000003)
    .ARM.Collect$$rtexit$$00000004           0x08000172   Section        6  rtexit2.o(.ARM.Collect$$rtexit$$00000004)
    .text                                    0x08000178   Section       56  startup_stm32f072.o(.text)
    .text                                    0x080001b0   Section        0  system_stm32f0xx_sysclk_48mhz_geneavecrc_int_8mhz.o(.text)
    SetSysClock                              0x080001b1   Thumb Code   116  system_stm32f0xx_sysclk_48mhz_geneavecrc_int_8mhz.o(.text)
    .text                                    0x0800034c   Section        0  main.o(.text)
    .text                                    0x08000d40   Section        0  __0sscanf.o(.text)
    .text                                    0x08000d80   Section        0  _scanf_int.o(.text)
    .text                                    0x08000eca   Section        0  strstr.o(.text)
    .text                                    0x08000ef2   Section      346  aeabi_sdiv.o(.text)
    .text                                    0x0800104c   Section        0  heapauxi.o(.text)
    .text                                    0x08001052   Section        0  _chval.o(.text)
    .text                                    0x08001070   Section        0  scanf_char.o(.text)
    _scanf_char_input                        0x08001071   Thumb Code    12  scanf_char.o(.text)
    .text                                    0x080010a0   Section        0  _sgetc.o(.text)
    .text                                    0x080010e4   Section        0  isspace.o(.text)
    .text                                    0x080010f8   Section        0  _scanf.o(.text)
    .text                                    0x08001484   Section       62  sys_stackheap_outer.o(.text)
    .text                                    0x080014c4   Section       16  rt_ctype_table.o(.text)
    .text                                    0x080014d4   Section        0  exit.o(.text)
    .text                                    0x080014e0   Section        8  libspace.o(.text)
    .text                                    0x080014e8   Section        8  rt_locale_intlibspace.o(.text)
    .text                                    0x080014f0   Section        0  sys_exit.o(.text)
    .text                                    0x080014fc   Section        0  strcmp.o(.text)
    .text                                    0x08001584   Section        2  use_no_semi.o(.text)
    .text                                    0x08001586   Section        0  indicate_semi.o(.text)
    locale$$code                             0x08001588   Section       44  lc_ctype_c.o(locale$$code)
    locale$$data                             0x080015d4   Section      272  lc_ctype_c.o(locale$$data)
    __lcctype_c_name                         0x080015d8   Data           2  lc_ctype_c.o(locale$$data)
    __lcctype_c_start                        0x080015e0   Data           0  lc_ctype_c.o(locale$$data)
    __lcctype_c_end                          0x080016e4   Data           0  lc_ctype_c.o(locale$$data)
    .data                                    0x20000000   Section       20  system_stm32f0xx_sysclk_48mhz_geneavecrc_int_8mhz.o(.data)
    .data                                    0x20000014   Section        8  main.o(.data)
    .bss                                     0x2000001c   Section     1612  main.o(.bss)
    .bss                                     0x20000668   Section       96  libspace.o(.bss)
    HEAP                                     0x200006c8   Section      512  startup_stm32f072.o(HEAP)
    Heap_Mem                                 0x200006c8   Data         512  startup_stm32f072.o(HEAP)
    STACK                                    0x200008c8   Section     1024  startup_stm32f072.o(STACK)
    Stack_Mem                                0x200008c8   Data        1024  startup_stm32f072.o(STACK)
    __initial_sp                             0x20000cc8   Data           0  startup_stm32f072.o(STACK)

    Global Symbols

    Symbol Name                              Value     Ov Type        Size  Object(Section)

    BuildAttributes$$THM_ISAv3M$S$PE$A:L22$X:L11$S22$IEEE1$IW$USESV6$~STKCKD$USESV7$~SHL$OSPACE$ROPI$EBA8$UX$STANDARDLIB$REQ8$PRES8$EABIv2 0x00000000   Number         0  anon$$obj.o ABSOLUTE
    __ARM_use_no_argv                        0x00000000   Number         0  main.o ABSOLUTE
    __ARM_exceptions_init                     - Undefined Weak Reference
    __alloca_initialize                       - Undefined Weak Reference
    __cpp_initialize__aeabi_                  - Undefined Weak Reference
    __cxa_finalize                            - Undefined Weak Reference
    __sigvec_lookup                           - Undefined Weak Reference
    _atexit_init                              - Undefined Weak Reference
    _call_atexit_fns                          - Undefined Weak Reference
    _clock_init                               - Undefined Weak Reference
    _fp_trap_init                             - Undefined Weak Reference
    _fp_trap_shutdown                         - Undefined Weak Reference
    _get_lc_collate                           - Undefined Weak Reference
    _get_lc_monetary                          - Undefined Weak Reference
    _get_lc_numeric                           - Undefined Weak Reference
    _get_lc_time                              - Undefined Weak Reference
    _getenv_init                              - Undefined Weak Reference
    _handle_redirection                       - Undefined Weak Reference
    _init_alloc                               - Undefined Weak Reference
    _init_user_alloc                          - Undefined Weak Reference
    _initio                                   - Undefined Weak Reference
    _rand_init                                - Undefined Weak Reference
    _scanf_longlong                           - Undefined Weak Reference
    _scanf_mbtowc                             - Undefined Weak Reference
    _scanf_real                               - Undefined Weak Reference
    _scanf_string                             - Undefined Weak Reference
    _scanf_wctomb                             - Undefined Weak Reference
    _scanf_wstring                            - Undefined Weak Reference
    _signal_finish                            - Undefined Weak Reference
    _signal_init                              - Undefined Weak Reference
    _terminate_alloc                          - Undefined Weak Reference
    _terminate_user_alloc                     - Undefined Weak Reference
    _terminateio                              - Undefined Weak Reference
    __Vectors_Size                           0x000000c0   Number         0  startup_stm32f072.o ABSOLUTE
    __Vectors                                0x08000000   Data           4  startup_stm32f072.o(RESET)
    __Vectors_End                            0x080000c0   Data           0  startup_stm32f072.o(RESET)
    __main                                   0x080000c1   Thumb Code     8  __main.o(!!!main)
    __scatterload                            0x080000c9   Thumb Code     0  __scatter.o(!!!scatter)
    __scatterload_rt2                        0x080000c9   Thumb Code    52  __scatter.o(!!!scatter)
    __scatterload_rt2_thumb_only             0x080000c9   Thumb Code     0  __scatter.o(!!!scatter)
    __scatterload_null                       0x080000d9   Thumb Code     0  __scatter.o(!!!scatter)
    __scatterload_copy                       0x08000105   Thumb Code    26  __scatter_copy.o(!!handler_copy)
    __scatterload_zeroinit                   0x08000121   Thumb Code    28  __scatter_zi.o(!!handler_zi)
    __rt_lib_init                            0x0800013d   Thumb Code     0  libinit.o(.ARM.Collect$$libinit$$00000000)
    __rt_lib_init_fp_1                       0x0800013f   Thumb Code     0  libinit2.o(.ARM.Collect$$libinit$$00000001)
    __rt_lib_init_heap_1                     0x08000143   Thumb Code     0  libinit2.o(.ARM.Collect$$libinit$$00000008)
    __rt_lib_init_lc_common                  0x08000143   Thumb Code     0  libinit2.o(.ARM.Collect$$libinit$$0000000D)
    __rt_lib_init_rand_1                     0x08000143   Thumb Code     0  libinit2.o(.ARM.Collect$$libinit$$0000000C)
    __rt_lib_init_user_alloc_1               0x08000143   Thumb Code     0  libinit2.o(.ARM.Collect$$libinit$$0000000A)
    __rt_lib_init_lc_collate_1               0x08000149   Thumb Code     0  libinit2.o(.ARM.Collect$$libinit$$0000000F)
    __rt_lib_init_lc_ctype_2                 0x08000149   Thumb Code     0  libinit2.o(.ARM.Collect$$libinit$$00000010)
    __rt_lib_init_alloca_1                   0x08000155   Thumb Code     0  libinit2.o(.ARM.Collect$$libinit$$0000002C)
    __rt_lib_init_argv_1                     0x08000155   Thumb Code     0  libinit2.o(.ARM.Collect$$libinit$$0000002A)
    __rt_lib_init_atexit_1                   0x08000155   Thumb Code     0  libinit2.o(.ARM.Collect$$libinit$$00000019)
    __rt_lib_init_clock_1                    0x08000155   Thumb Code     0  libinit2.o(.ARM.Collect$$libinit$$0000001F)
    __rt_lib_init_cpp_1                      0x08000155   Thumb Code     0  libinit2.o(.ARM.Collect$$libinit$$00000030)
    __rt_lib_init_exceptions_1               0x08000155   Thumb Code     0  libinit2.o(.ARM.Collect$$libinit$$0000002E)
    __rt_lib_init_fp_trap_1                  0x08000155   Thumb Code     0  libinit2.o(.ARM.Collect$$libinit$$0000001D)
    __rt_lib_init_getenv_1                   0x08000155   Thumb Code     0  libinit2.o(.ARM.Collect$$libinit$$00000021)
    __rt_lib_init_lc_ctype_1                 0x08000155   Thumb Code     0  libinit2.o(.ARM.Collect$$libinit$$00000011)
    __rt_lib_init_lc_monetary_1              0x08000155   Thumb Code     0  libinit2.o(.ARM.Collect$$libinit$$00000013)
    __rt_lib_init_lc_numeric_1               0x08000155   Thumb Code     0  libinit2.o(.ARM.Collect$$libinit$$00000015)
    __rt_lib_init_lc_time_1                  0x08000155   Thumb Code     0  libinit2.o(.ARM.Collect$$libinit$$00000017)
    __rt_lib_init_return                     0x08000155   Thumb Code     0  libinit2.o(.ARM.Collect$$libinit$$00000031)
    __rt_lib_init_signal_1                   0x08000155   Thumb Code     0  libinit2.o(.ARM.Collect$$libinit$$0000001B)
    __rt_lib_init_stdio_1                    0x08000155   Thumb Code     0  libinit2.o(.ARM.Collect$$libinit$$00000023)
    __rt_lib_shutdown                        0x08000157   Thumb Code     0  libshutdown.o(.ARM.Collect$$libshutdown$$00000000)
    __rt_lib_shutdown_fp_trap_1              0x08000159   Thumb Code     0  libshutdown2.o(.ARM.Collect$$libshutdown$$00000006)
    __rt_lib_shutdown_heap_1                 0x08000159   Thumb Code     0  libshutdown2.o(.ARM.Collect$$libshutdown$$0000000E)
    __rt_lib_shutdown_return                 0x08000159   Thumb Code     0  libshutdown2.o(.ARM.Collect$$libshutdown$$0000000F)
    __rt_lib_shutdown_signal_1               0x08000159   Thumb Code     0  libshutdown2.o(.ARM.Collect$$libshutdown$$00000009)
    __rt_lib_shutdown_stdio_1                0x08000159   Thumb Code     0  libshutdown2.o(.ARM.Collect$$libshutdown$$00000003)
    __rt_lib_shutdown_user_alloc_1           0x08000159   Thumb Code     0  libshutdown2.o(.ARM.Collect$$libshutdown$$0000000B)
    __rt_entry                               0x0800015b   Thumb Code     0  rtentry.o(.ARM.Collect$$rtentry$$00000000)
    __rt_entry_presh_1                       0x0800015b   Thumb Code     0  rtentry2.o(.ARM.Collect$$rtentry$$00000002)
    __rt_entry_sh                            0x0800015b   Thumb Code     0  rtentry4.o(.ARM.Collect$$rtentry$$00000004)
    __rt_entry_li                            0x08000161   Thumb Code     0  rtentry2.o(.ARM.Collect$$rtentry$$0000000A)
    __rt_entry_postsh_1                      0x08000161   Thumb Code     0  rtentry2.o(.ARM.Collect$$rtentry$$00000009)
    __rt_entry_main                          0x08000165   Thumb Code     0  rtentry2.o(.ARM.Collect$$rtentry$$0000000D)
    __rt_entry_postli_1                      0x08000165   Thumb Code     0  rtentry2.o(.ARM.Collect$$rtentry$$0000000C)
    __rt_exit                                0x0800016d   Thumb Code     0  rtexit.o(.ARM.Collect$$rtexit$$00000000)
    __rt_exit_ls                             0x0800016f   Thumb Code     0  rtexit2.o(.ARM.Collect$$rtexit$$00000003)
    __rt_exit_prels_1                        0x0800016f   Thumb Code     0  rtexit2.o(.ARM.Collect$$rtexit$$00000002)
    __rt_exit_exit                           0x08000173   Thumb Code     0  rtexit2.o(.ARM.Collect$$rtexit$$00000004)
    Reset_Handler                            0x08000179   Thumb Code     8  startup_stm32f072.o(.text)
    NMI_Handler                              0x08000181   Thumb Code     2  startup_stm32f072.o(.text)
    HardFault_Handler                        0x08000183   Thumb Code     2  startup_stm32f072.o(.text)
    SVC_Handler                              0x08000185   Thumb Code     2  startup_stm32f072.o(.text)
    PendSV_Handler                           0x08000187   Thumb Code     2  startup_stm32f072.o(.text)
    SysTick_Handler                          0x08000189   Thumb Code     2  startup_stm32f072.o(.text)
    ADC1_COMP_IRQHandler                     0x0800018b   Thumb Code     0  startup_stm32f072.o(.text)
    CEC_CAN_IRQHandler                       0x0800018b   Thumb Code     0  startup_stm32f072.o(.text)
    DMA1_Channel1_IRQHandler                 0x0800018b   Thumb Code     0  startup_stm32f072.o(.text)
    DMA1_Channel2_3_IRQHandler               0x0800018b   Thumb Code     0  startup_stm32f072.o(.text)
    DMA1_Channel4_5_6_7_IRQHandler           0x0800018b   Thumb Code     0  startup_stm32f072.o(.text)
    EXTI0_1_IRQHandler                       0x0800018b   Thumb Code     0  startup_stm32f072.o(.text)
    EXTI2_3_IRQHandler                       0x0800018b   Thumb Code     0  startup_stm32f072.o(.text)
    EXTI4_15_IRQHandler                      0x0800018b   Thumb Code     0  startup_stm32f072.o(.text)
    FLASH_IRQHandler                         0x0800018b   Thumb Code     0  startup_stm32f072.o(.text)
    I2C1_IRQHandler                          0x0800018b   Thumb Code     0  startup_stm32f072.o(.text)
    I2C2_IRQHandler                          0x0800018b   Thumb Code     0  startup_stm32f072.o(.text)
    PVD_VDDIO2_IRQHandler                    0x0800018b   Thumb Code     0  startup_stm32f072.o(.text)
    RCC_CRS_IRQHandler                       0x0800018b   Thumb Code     0  startup_stm32f072.o(.text)
    RTC_IRQHandler                           0x0800018b   Thumb Code     0  startup_stm32f072.o(.text)
    SPI1_IRQHandler                          0x0800018b   Thumb Code     0  startup_stm32f072.o(.text)
    SPI2_IRQHandler                          0x0800018b   Thumb Code     0  startup_stm32f072.o(.text)
    TIM14_IRQHandler                         0x0800018b   Thumb Code     0  startup_stm32f072.o(.text)
    TIM15_IRQHandler                         0x0800018b   Thumb Code     0  startup_stm32f072.o(.text)
    TIM16_IRQHandler                         0x0800018b   Thumb Code     0  startup_stm32f072.o(.text)
    TIM17_IRQHandler                         0x0800018b   Thumb Code     0  startup_stm32f072.o(.text)
    TIM1_BRK_UP_TRG_COM_IRQHandler           0x0800018b   Thumb Code     0  startup_stm32f072.o(.text)
    TIM1_CC_IRQHandler                       0x0800018b   Thumb Code     0  startup_stm32f072.o(.text)
    TIM2_IRQHandler                          0x0800018b   Thumb Code     0  startup_stm32f072.o(.text)
    TIM3_IRQHandler                          0x0800018b   Thumb Code     0  startup_stm32f072.o(.text)
    TIM6_DAC_IRQHandler                      0x0800018b   Thumb Code     0  startup_stm32f072.o(.text)
    TIM7_IRQHandler                          0x0800018b   Thumb Code     0  startup_stm32f072.o(.text)
    TSC_IRQHandler                           0x0800018b   Thumb Code     0  startup_stm32f072.o(.text)
    USART1_IRQHandler                        0x0800018b   Thumb Code     0  startup_stm32f072.o(.text)
    USART3_4_IRQHandler                      0x0800018b   Thumb Code     0  startup_stm32f072.o(.text)
    USB_IRQHandler                           0x0800018b   Thumb Code     0  startup_stm32f072.o(.text)
    WWDG_IRQHandler                          0x0800018b   Thumb Code     0  startup_stm32f072.o(.text)
    __user_initial_stackheap                 0x0800018d   Thumb Code     0  startup_stm32f072.o(.text)
    SystemInit                               0x08000225   Thumb Code   110  system_stm32f0xx_sysclk_48mhz_geneavecrc_int_8mhz.o(.text)
    SystemCoreClockUpdate                    0x08000293   Thumb Code   154  system_stm32f0xx_sysclk_48mhz_geneavecrc_int_8mhz.o(.text)
    run                                      0x0800034d   Thumb Code   604  main.o(.text)
    verificationOpcodeComplet                0x080005a9   Thumb Code    36  main.o(.text)
    Init_UART2_Avec_Interrupt                0x080005cd   Thumb Code   326  main.o(.text)
    Config_PA8_Mode_OutputPWM_TIM1_CH1       0x08000713   Thumb Code   336  main.o(.text)
    initPatte_PC13                           0x08000863   Thumb Code    64  main.o(.text)
    initPattePA12_moteur                     0x080008a3   Thumb Code   146  main.o(.text)
    initPattePA5_LedVerte                    0x08000935   Thumb Code   140  main.o(.text)
    main                                     0x080009c1   Thumb Code   482  main.o(.text)
    initPatte_PC5                            0x08000ba3   Thumb Code    88  main.o(.text)
    initPatte_PC6                            0x08000bfb   Thumb Code    72  main.o(.text)
    initPatte_PC8                            0x08000c43   Thumb Code    66  main.o(.text)
    newOpcode                                0x08000c85   Thumb Code    38  main.o(.text)
    USART2_IRQHandler                        0x08000cab   Thumb Code   112  main.o(.text)
    __0sscanf                                0x08000d41   Thumb Code    54  __0sscanf.o(.text)
    _scanf_int                               0x08000d81   Thumb Code   330  _scanf_int.o(.text)
    strstr                                   0x08000ecb   Thumb Code    40  strstr.o(.text)
    __aeabi_uidiv                            0x08000ef3   Thumb Code     0  aeabi_sdiv.o(.text)
    __aeabi_uidivmod                         0x08000ef3   Thumb Code    20  aeabi_sdiv.o(.text)
    __aeabi_idiv                             0x08000f07   Thumb Code     0  aeabi_sdiv.o(.text)
    __aeabi_idivmod                          0x08000f07   Thumb Code   326  aeabi_sdiv.o(.text)
    __use_two_region_memory                  0x0800104d   Thumb Code     2  heapauxi.o(.text)
    __rt_heap_escrow$2region                 0x0800104f   Thumb Code     2  heapauxi.o(.text)
    __rt_heap_expand$2region                 0x08001051   Thumb Code     2  heapauxi.o(.text)
    _chval                                   0x08001053   Thumb Code    30  _chval.o(.text)
    __vfscanf_char                           0x0800107d   Thumb Code    28  scanf_char.o(.text)
    _sgetc                                   0x080010a1   Thumb Code    32  _sgetc.o(.text)
    _sbackspace                              0x080010c1   Thumb Code    36  _sgetc.o(.text)
    isspace                                  0x080010e5   Thumb Code    18  isspace.o(.text)
    __vfscanf                                0x080010f9   Thumb Code   892  _scanf.o(.text)
    __user_setup_stackheap                   0x08001485   Thumb Code    62  sys_stackheap_outer.o(.text)
    __rt_ctype_table                         0x080014c5   Thumb Code    16  rt_ctype_table.o(.text)
    exit                                     0x080014d5   Thumb Code    12  exit.o(.text)
    __user_libspace                          0x080014e1   Thumb Code     8  libspace.o(.text)
    __user_perproc_libspace                  0x080014e1   Thumb Code     0  libspace.o(.text)
    __user_perthread_libspace                0x080014e1   Thumb Code     0  libspace.o(.text)
    __rt_locale                              0x080014e9   Thumb Code     8  rt_locale_intlibspace.o(.text)
    _sys_exit                                0x080014f1   Thumb Code     8  sys_exit.o(.text)
    strcmp                                   0x080014fd   Thumb Code   132  strcmp.o(.text)
    __I$use$semihosting                      0x08001585   Thumb Code     0  use_no_semi.o(.text)
    __use_no_semihosting_swi                 0x08001585   Thumb Code     2  use_no_semi.o(.text)
    __semihosting_library_function           0x08001587   Thumb Code     0  indicate_semi.o(.text)
    _get_lc_ctype                            0x08001589   Thumb Code    44  lc_ctype_c.o(locale$$code)
    Region$$Table$$Base                      0x080015b4   Number         0  anon$$obj.o(Region$$Table)
    Region$$Table$$Limit                     0x080015d4   Number         0  anon$$obj.o(Region$$Table)
    __ctype                                  0x080015e1   Data           0  lc_ctype_c.o(locale$$data)
    SystemCoreClock                          0x20000000   Data           4  system_stm32f0xx_sysclk_48mhz_geneavecrc_int_8mhz.o(.data)
    AHBPrescTable                            0x20000004   Data          16  system_stm32f0xx_sysclk_48mhz_geneavecrc_int_8mhz.o(.data)
    k                                        0x20000014   Data           4  main.o(.data)
    newCode                                  0x20000018   Data           4  main.o(.data)
    Caractere_Recu                           0x2000001c   Data          10  main.o(.bss)
    variable                                 0x20000028   Data         400  main.o(.bss)
    opcode                                   0x200001b8   Data        1200  main.o(.bss)
    __libspace_start                         0x20000668   Data          96  libspace.o(.bss)
    __temporary_stack_top$libspace           0x200006c8   Data           0  libspace.o(.bss)



==============================================================================

Memory Map of the image

  Image Entry point : 0x08000179

  Load Region LR_1 (Base: 0x08000000, Size: 0x00001700, Max: 0xffffffff, ABSOLUTE)

    Execution Region ER_RO (Base: 0x08000000, Size: 0x000016e4, Max: 0xffffffff, ABSOLUTE)

    Base Addr    Size         Type   Attr      Idx    E Section Name        Object

    0x08000000   0x000000c0   Data   RO            3    RESET               startup_stm32f072.o
    0x080000c0   0x00000008   Code   RO          104  * !!!main             c_p.l(__main.o)
    0x080000c8   0x0000003c   Code   RO          292    !!!scatter          c_p.l(__scatter.o)
    0x08000104   0x0000001a   Code   RO          294    !!handler_copy      c_p.l(__scatter_copy.o)
    0x0800011e   0x00000002   PAD
    0x08000120   0x0000001c   Code   RO          296    !!handler_zi        c_p.l(__scatter_zi.o)
    0x0800013c   0x00000002   Code   RO          154    .ARM.Collect$$libinit$$00000000  c_p.l(libinit.o)
    0x0800013e   0x00000004   Code   RO          175    .ARM.Collect$$libinit$$00000001  c_p.l(libinit2.o)
    0x08000142   0x00000000   Code   RO          179    .ARM.Collect$$libinit$$00000008  c_p.l(libinit2.o)
    0x08000142   0x00000000   Code   RO          181    .ARM.Collect$$libinit$$0000000A  c_p.l(libinit2.o)
    0x08000142   0x00000000   Code   RO          183    .ARM.Collect$$libinit$$0000000C  c_p.l(libinit2.o)
    0x08000142   0x00000006   Code   RO          184    .ARM.Collect$$libinit$$0000000D  c_p.l(libinit2.o)
    0x08000148   0x00000000   Code   RO          186    .ARM.Collect$$libinit$$0000000F  c_p.l(libinit2.o)
    0x08000148   0x0000000c   Code   RO          187    .ARM.Collect$$libinit$$00000010  c_p.l(libinit2.o)
    0x08000154   0x00000000   Code   RO          188    .ARM.Collect$$libinit$$00000011  c_p.l(libinit2.o)
    0x08000154   0x00000000   Code   RO          190    .ARM.Collect$$libinit$$00000013  c_p.l(libinit2.o)
    0x08000154   0x00000000   Code   RO          192    .ARM.Collect$$libinit$$00000015  c_p.l(libinit2.o)
    0x08000154   0x00000000   Code   RO          194    .ARM.Collect$$libinit$$00000017  c_p.l(libinit2.o)
    0x08000154   0x00000000   Code   RO          196    .ARM.Collect$$libinit$$00000019  c_p.l(libinit2.o)
    0x08000154   0x00000000   Code   RO          198    .ARM.Collect$$libinit$$0000001B  c_p.l(libinit2.o)
    0x08000154   0x00000000   Code   RO          200    .ARM.Collect$$libinit$$0000001D  c_p.l(libinit2.o)
    0x08000154   0x00000000   Code   RO          202    .ARM.Collect$$libinit$$0000001F  c_p.l(libinit2.o)
    0x08000154   0x00000000   Code   RO          204    .ARM.Collect$$libinit$$00000021  c_p.l(libinit2.o)
    0x08000154   0x00000000   Code   RO          206    .ARM.Collect$$libinit$$00000023  c_p.l(libinit2.o)
    0x08000154   0x00000000   Code   RO          210    .ARM.Collect$$libinit$$0000002A  c_p.l(libinit2.o)
    0x08000154   0x00000000   Code   RO          212    .ARM.Collect$$libinit$$0000002C  c_p.l(libinit2.o)
    0x08000154   0x00000000   Code   RO          214    .ARM.Collect$$libinit$$0000002E  c_p.l(libinit2.o)
    0x08000154   0x00000000   Code   RO          216    .ARM.Collect$$libinit$$00000030  c_p.l(libinit2.o)
    0x08000154   0x00000002   Code   RO          217    .ARM.Collect$$libinit$$00000031  c_p.l(libinit2.o)
    0x08000156   0x00000002   Code   RO          250    .ARM.Collect$$libshutdown$$00000000  c_p.l(libshutdown.o)
    0x08000158   0x00000000   Code   RO          277    .ARM.Collect$$libshutdown$$00000003  c_p.l(libshutdown2.o)
    0x08000158   0x00000000   Code   RO          280    .ARM.Collect$$libshutdown$$00000006  c_p.l(libshutdown2.o)
    0x08000158   0x00000000   Code   RO          283    .ARM.Collect$$libshutdown$$00000009  c_p.l(libshutdown2.o)
    0x08000158   0x00000000   Code   RO          285    .ARM.Collect$$libshutdown$$0000000B  c_p.l(libshutdown2.o)
    0x08000158   0x00000000   Code   RO          288    .ARM.Collect$$libshutdown$$0000000E  c_p.l(libshutdown2.o)
    0x08000158   0x00000002   Code   RO          289    .ARM.Collect$$libshutdown$$0000000F  c_p.l(libshutdown2.o)
    0x0800015a   0x00000000   Code   RO          106    .ARM.Collect$$rtentry$$00000000  c_p.l(rtentry.o)
    0x0800015a   0x00000000   Code   RO          118    .ARM.Collect$$rtentry$$00000002  c_p.l(rtentry2.o)
    0x0800015a   0x00000006   Code   RO          130    .ARM.Collect$$rtentry$$00000004  c_p.l(rtentry4.o)
    0x08000160   0x00000000   Code   RO          120    .ARM.Collect$$rtentry$$00000009  c_p.l(rtentry2.o)
    0x08000160   0x00000004   Code   RO          121    .ARM.Collect$$rtentry$$0000000A  c_p.l(rtentry2.o)
    0x08000164   0x00000000   Code   RO          123    .ARM.Collect$$rtentry$$0000000C  c_p.l(rtentry2.o)
    0x08000164   0x00000008   Code   RO          124    .ARM.Collect$$rtentry$$0000000D  c_p.l(rtentry2.o)
    0x0800016c   0x00000002   Code   RO          159    .ARM.Collect$$rtexit$$00000000  c_p.l(rtexit.o)
    0x0800016e   0x00000000   Code   RO          221    .ARM.Collect$$rtexit$$00000002  c_p.l(rtexit2.o)
    0x0800016e   0x00000004   Code   RO          222    .ARM.Collect$$rtexit$$00000003  c_p.l(rtexit2.o)
    0x08000172   0x00000006   Code   RO          223    .ARM.Collect$$rtexit$$00000004  c_p.l(rtexit2.o)
    0x08000178   0x00000038   Code   RO            4  * .text               startup_stm32f072.o
    0x080001b0   0x0000019c   Code   RO           12    .text               system_stm32f0xx_sysclk_48mhz_geneavecrc_int_8mhz.o
    0x0800034c   0x000009f4   Code   RO           54    .text               main.o
    0x08000d40   0x00000040   Code   RO           92    .text               c_p.l(__0sscanf.o)
    0x08000d80   0x0000014a   Code   RO           94    .text               c_p.l(_scanf_int.o)
    0x08000eca   0x00000028   Code   RO           96    .text               c_p.l(strstr.o)
    0x08000ef2   0x0000015a   Code   RO           98    .text               c_p.l(aeabi_sdiv.o)
    0x0800104c   0x00000006   Code   RO          102    .text               c_p.l(heapauxi.o)
    0x08001052   0x0000001e   Code   RO          111    .text               c_p.l(_chval.o)
    0x08001070   0x00000030   Code   RO          113    .text               c_p.l(scanf_char.o)
    0x080010a0   0x00000044   Code   RO          115    .text               c_p.l(_sgetc.o)
    0x080010e4   0x00000012   Code   RO          134    .text               c_p.l(isspace.o)
    0x080010f6   0x00000002   PAD
    0x080010f8   0x0000038c   Code   RO          136    .text               c_p.l(_scanf.o)
    0x08001484   0x0000003e   Code   RO          138    .text               c_p.l(sys_stackheap_outer.o)
    0x080014c2   0x00000002   PAD
    0x080014c4   0x00000010   Code   RO          141    .text               c_p.l(rt_ctype_table.o)
    0x080014d4   0x0000000c   Code   RO          143    .text               c_p.l(exit.o)
    0x080014e0   0x00000008   Code   RO          155    .text               c_p.l(libspace.o)
    0x080014e8   0x00000008   Code   RO          166    .text               c_p.l(rt_locale_intlibspace.o)
    0x080014f0   0x0000000c   Code   RO          218    .text               c_p.l(sys_exit.o)
    0x080014fc   0x00000088   Code   RO          231    .text               c_p.l(strcmp.o)
    0x08001584   0x00000002   Code   RO          239    .text               c_p.l(use_no_semi.o)
    0x08001586   0x00000000   Code   RO          241    .text               c_p.l(indicate_semi.o)
    0x08001586   0x00000002   PAD
    0x08001588   0x0000002c   Code   RO          169    locale$$code        c_p.l(lc_ctype_c.o)
    0x080015b4   0x00000020   Data   RO          290    Region$$Table       anon$$obj.o
    0x080015d4   0x00000110   Data   RO          168    locale$$data        c_p.l(lc_ctype_c.o)


    Execution Region ER_RW (Base: 0x20000000, Size: 0x0000001c, Max: 0xffffffff, ABSOLUTE)

    Base Addr    Size         Type   Attr      Idx    E Section Name        Object

    0x20000000   0x00000014   Data   RW           13    .data               system_stm32f0xx_sysclk_48mhz_geneavecrc_int_8mhz.o
    0x20000014   0x00000008   Data   RW           56    .data               main.o


    Execution Region ER_ZI (Base: 0x2000001c, Size: 0x00000cac, Max: 0xffffffff, ABSOLUTE)

    Base Addr    Size         Type   Attr      Idx    E Section Name        Object

    0x2000001c   0x0000064c   Zero   RW           55    .bss                main.o
    0x20000668   0x00000060   Zero   RW          156    .bss                c_p.l(libspace.o)
    0x200006c8   0x00000200   Zero   RW            2    HEAP                startup_stm32f072.o
    0x200008c8   0x00000400   Zero   RW            1    STACK               startup_stm32f072.o


==============================================================================

Image component sizes


      Code (inc. data)   RO Data    RW Data    ZI Data      Debug   Object Name

      2548         82          0          8       1612       9977   main.o
        56         26        192          0       1536        580   startup_stm32f072.o
       412         32          0         20          0     149807   system_stm32f0xx_sysclk_48mhz_geneavecrc_int_8mhz.o

    ----------------------------------------------------------------------
      3016        140        224         28       3148     160364   Object Totals
         0          0         32          0          0          0   (incl. Generated)
         0          0          0          0          0          0   (incl. Padding)

    ----------------------------------------------------------------------

      Code (inc. data)   RO Data    RW Data    ZI Data      Debug   Library Member Name

        64         10          0          0          0         84   __0sscanf.o
         8          0          0          0          0         68   __main.o
        60          8          0          0          0          0   __scatter.o
        26          0          0          0          0          0   __scatter_copy.o
        28          0          0          0          0          0   __scatter_zi.o
        30          0          0          0          0         60   _chval.o
       908         16          0          0          0         84   _scanf.o
       330          0          0          0          0         84   _scanf_int.o
        68          0          0          0          0         76   _sgetc.o
       346          0          0          0          0         92   aeabi_sdiv.o
        12          0          0          0          0         64   exit.o
         6          0          0          0          0        136   heapauxi.o
         0          0          0          0          0          0   indicate_semi.o
        18          0          0          0          0         68   isspace.o
        44         10        272          0          0         76   lc_ctype_c.o
         2          0          0          0          0          0   libinit.o
        24          0          0          0          0          0   libinit2.o
         2          0          0          0          0          0   libshutdown.o
         2          0          0          0          0          0   libshutdown2.o
         8          4          0          0         96         68   libspace.o
        16          4          0          0          0         76   rt_ctype_table.o
         8          4          0          0          0         68   rt_locale_intlibspace.o
         0          0          0          0          0          0   rtentry.o
        12          0          0          0          0          0   rtentry2.o
         6          0          0          0          0          0   rtentry4.o
         2          0          0          0          0          0   rtexit.o
        10          0          0          0          0          0   rtexit2.o
        48          8          0          0          0         84   scanf_char.o
       136          4          0          0          0         72   strcmp.o
        40          0          0          0          0         72   strstr.o
        12          4          0          0          0         60   sys_exit.o
        62          0          0          0          0         80   sys_stackheap_outer.o
         2          0          0          0          0         68   use_no_semi.o

    ----------------------------------------------------------------------
      2348         72        272          0         96       1540   Library Totals
         8          0          0          0          0          0   (incl. Padding)

    ----------------------------------------------------------------------

      Code (inc. data)   RO Data    RW Data    ZI Data      Debug   Library Name

      2340         72        272          0         96       1540   c_p.l

    ----------------------------------------------------------------------
      2348         72        272          0         96       1540   Library Totals

    ----------------------------------------------------------------------

==============================================================================


      Code (inc. data)   RO Data    RW Data    ZI Data      Debug   

      5364        212        496         28       3244     160916   Grand Totals
      5364        212        496         28       3244     160916   ELF Image Totals
      5364        212        496         28          0          0   ROM Totals

==============================================================================

    Total RO  Size (Code + RO Data)                 5860 (   5.72kB)
    Total RW  Size (RW Data + ZI Data)              3272 (   3.20kB)
    Total ROM Size (Code + RO Data + RW Data)       5888 (   5.75kB)

==============================================================================

