<html>
<body>
<pre>
<h1>µVision Build Log</h1>
<h2>Project:</h2>
D:\devoir\devoir\MC\Timer\Demo_Timers\Demo_TIMERS_outputCompare_PWM_0\ProjetKeil\TIMERS.uvproj
Project File Date:  02/14/2017

<h2>Output:</h2>
Build target 'Target 1'
linking...
Program Size: Code=2400 RO-data=224 RW-data=20 ZI-data=1636  
".\TIMERS.axf" - 0 Error(s), 0 Warning(s).
Load "D:\\devoir\\devoir\\MC\\Timer\\Demo_Timers\\Demo_TIMERS_outputCompare_PWM_0\\ProjetKeil\\TIMERS.axf" 
Error: Flash Download failed  -  Target DLL has been cancelled
</pre>
</body>
</html>
r referenced
                                int i, j;
..\User_Sources_Files\main.c: 2 warnings, 0 errors
assembling startup_stm32f072.s...
compiling Retarget.c...
compiling Serial.c...
linking...
Program Size: Code=2400 RO-data=224 RW-data=20 ZI-data=1636  
".\TIMERS.axf" - 0 Error(s), 2 Warning(s).
Load "D:\\devoir\\devoir\\MC\\Timer\\Demo_Timers\\Demo_TIMERS_outputCompare_PWM_0\\ProjetKeil\\TIMERS.axf" 
Error: Flash Download failed  -  Target DLL has been cancelled
...
Load "D:\\devoir\\devoir\\MC\\Timer\\Demo_Timers\\Demo_TIMERS_outputCompare_PWM_0\\ProjetKeil\\TIMERS.axf" 
Error: Flash Download failed  -  Target DLL has been cancelled
Load "D:\\devoir\\devoir\\MC\\Timer\\Demo_Timers\\Demo_TIMERS_outputCompare_PWM_0\\ProjetKeil\\TIMERS.axf" 
Error: Flash Download failed  -  Target DLL has been cancelled
Load "D:\\devoir\\devoir\\MC\\Timer\\Demo_Timers\\Demo_TIMERS_outputCompare_PWM_0\\ProjetKeil\\TIMERS.axf" 
Error: Flash Download failed  -  Target DLL has been cancelled
